This is XeTeX, Version 3.141592653-2.6-0.999998 (TeX Live 2026) (preloaded format=xelatex 2026.6.2)  20 AUG 2026 11:25
entering extended mode
 restricted \write18 enabled.
 %&-line parsing enabled.
**spc4hc.tex
(./spc4hc.tex
LaTeX2e <2026-06-01>
L3 programming layer <2026-05-26>
(/home/jacob/.TinyTeX/texmf-dist/tex/latex/base/book.cls
Document Class: book 2025/01/22 v1.4n Standard LaTeX document class
(/home/jacob/.TinyTeX/texmf-dist/tex/latex/base/bk10.clo
File: bk10.clo 2025/01/22 v1.4n Standard LaTeX file (size option)
)
\c@part=\count273
\c@chapter=\count274
\c@section=\count275
\c@subsection=\count276
\c@subsubsection=\count277
\c@paragraph=\count278
\c@subparagraph=\count279
\c@figure=\count280
\c@table=\count281
\abovecaptionskip=\skip49
\belowcaptionskip=\skip50
\bibindent=\dimen150
) (/home/jacob/.TinyTeX/texmf-dist/tex/latex/xcolor/xcolor.sty
Package: xcolor 2024/09/29 v3.02 LaTeX color extensions (UK)
(/home/jacob/.TinyTeX/texmf-dist/tex/latex/graphics-cfg/color.cfg
File: color.cfg 2016/01/02 v1.6 sample color configuration
)
Package xcolor Info: Driver file: xetex.def on input line 274.
(/home/jacob/.TinyTeX/texmf-dist/tex/latex/graphics-def/xetex.def
File: xetex.def 2025/11/01 v5.0p Graphics/color driver for xetex
) (/home/jacob/.TinyTeX/texmf-dist/tex/latex/graphics/mathcolor.ltx)
Package xcolor Info: Model `cmy' substituted by `cmy0' on input line 1349.
Package xcolor Info: Model `RGB' extended on input line 1365.
Package xcolor Info: Model `HTML' substituted by `rgb' on input line 1367.
Package xcolor Info: Model `Hsb' substituted by `hsb' on input line 1368.
Package xcolor Info: Model `tHsb' substituted by `hsb' on input line 1369.
Package xcolor Info: Model `HSB' substituted by `hsb' on input line 1370.
Package xcolor Info: Model `Gray' substituted by `gray' on input line 1371.
Package xcolor Info: Model `wave' substituted by `hsb' on input line 1372.
) (/home/jacob/.TinyTeX/texmf-dist/tex/latex/amsmath/amsmath.sty
Package: amsmath 2026/05/19 v2.18d AMS math features
\@mathmargin=\skip51
For additional information on amsmath, use the `?' option.
(/home/jacob/.TinyTeX/texmf-dist/tex/latex/amsmath/amstext.sty
Package: amstext 2024/11/17 v2.01 AMS text
(/home/jacob/.TinyTeX/texmf-dist/tex/latex/amsmath/amsgen.sty
File: amsgen.sty 1999/11/30 v2.0 generic functions
\@emptytoks=\toks17
\ex@=\dimen151
)) (/home/jacob/.TinyTeX/texmf-dist/tex/latex/amsmath/amsbsy.sty
Package: amsbsy 1999/11/29 v1.2d Bold Symbols
\pmbraise@=\dimen152
) (/home/jacob/.TinyTeX/texmf-dist/tex/latex/amsmath/amsopn.sty
Package: amsopn 2022/04/08 v2.04 operator names
)
\inf@bad=\count282
LaTeX Info: Redefining \frac on input line 233.
\uproot@=\count283
\leftroot@=\count284
LaTeX Info: Redefining \overline on input line 398.
LaTeX Info: Redefining \colon on input line 409.
\classnum@=\count285
\DOTSCASE@=\count286
LaTeX Info: Redefining \ldots on input line 495.
LaTeX Info: Redefining \dots on input line 498.
LaTeX Info: Redefining \cdots on input line 619.
\Mathstrutbox@=\box53
\strutbox@=\box54
LaTeX Info: Redefining \big on input line 721.
LaTeX Info: Redefining \Big on input line 722.
LaTeX Info: Redefining \bigg on input line 723.
LaTeX Info: Redefining \Bigg on input line 724.
\big@size=\dimen153
LaTeX Font Info:    Redeclaring font encoding OML on input line 742.
LaTeX Font Info:    Redeclaring font encoding OMS on input line 743.
\macc@depth=\count287
LaTeX Info: Redefining \bmod on input line 904.
LaTeX Info: Redefining \pmod on input line 909.
LaTeX Info: Redefining \smash on input line 939.
LaTeX Info: Redefining \relbar on input line 969.
LaTeX Info: Redefining \Relbar on input line 970.
\c@MaxMatrixCols=\count288
\dotsspace@=\muskip17
\c@parentequation=\count289
\dspbrk@lvl=\count290
\tag@help=\toks18
\row@=\count291
\column@=\count292
\maxfields@=\count293
\andhelp@=\toks19
\eqnshift@=\dimen154
\alignsep@=\dimen155
\tagshift@=\dimen156
\tagwidth@=\dimen157
\totwidth@=\dimen158
\lineht@=\dimen159
\@envbody=\toks20
\multlinegap=\skip52
\multlinetaggap=\skip53
\mathdisplay@stack=\toks21
LaTeX Info: Redefining \[ on input line 2965.
LaTeX Info: Redefining \] on input line 2966.
) (/home/jacob/.TinyTeX/texmf-dist/tex/latex/amsfonts/amssymb.sty
Package: amssymb 2013/01/14 v3.01 AMS font symbols
(/home/jacob/.TinyTeX/texmf-dist/tex/latex/amsfonts/amsfonts.sty
Package: amsfonts 2013/01/14 v3.01 Basic AMSFonts support
\symAMSa=\mathgroup4
\symAMSb=\mathgroup5
LaTeX Font Info:    Redeclaring math symbol \hbar on input line 98.
LaTeX Font Info:    Overwriting math alphabet `\mathfrak' in version `bold'
(Font)                  U/euf/m/n --> U/euf/b/n on input line 106.
)) (/home/jacob/.TinyTeX/texmf-dist/tex/generic/iftex/iftex.sty
Package: iftex 2024/12/12 v1.0g TeX engine tests
) (/home/jacob/.TinyTeX/texmf-dist/tex/latex/unicode-math/unicode-math.sty (/home/jacob/.TinyTeX/texmf-dist/tex/latex/l3kernel/expl3.sty
Package: expl3 2026-05-26 L3 programming layer (loader) 
(/home/jacob/.TinyTeX/texmf-dist/tex/latex/l3backend/l3backend-xetex.def
File: l3backend-xetex.def 2026-02-18 L3 backend support: XeTeX
\g__graphics_track_int=\count294
\g__pdfannot_backend_int=\count295
\g__pdfannot_backend_link_int=\count296
))
Package: unicode-math 2023/08/13 v0.8r Unicode maths in XeLaTeX and LuaLaTeX
(/home/jacob/.TinyTeX/texmf-dist/tex/latex/unicode-math/unicode-math-xetex.sty
Package: unicode-math-xetex 2023/08/13 v0.8r Unicode maths in XeLaTeX and LuaLaTeX
(/home/jacob/.TinyTeX/texmf-dist/tex/latex/l3packages/xparse/xparse.sty
Package: xparse 2025-10-09 L3 Experimental document command parser
) (/home/jacob/.TinyTeX/texmf-dist/tex/latex/l3packages/l3keys2e/l3keys2e.sty
Package: l3keys2e 2025-10-09 LaTeX2e option processing using LaTeX3 keys
) (/home/jacob/.TinyTeX/texmf-dist/tex/latex/fontspec/fontspec.sty
Package: fontspec 2025/09/29 v2.9g Font selection for XeLaTeX and LuaLaTeX
(/home/jacob/.TinyTeX/texmf-dist/tex/latex/fontspec/fontspec-xetex.sty
Package: fontspec-xetex 2025/09/29 v2.9g Font selection for XeLaTeX and LuaLaTeX
\l__fontspec_script_int=\count297
\l__fontspec_language_int=\count298
\l__fontspec_strnum_int=\count299
\l__fontspec_tmp_int=\count300
\l__fontspec_tmpa_int=\count301
\l__fontspec_tmpb_int=\count302
\l__fontspec_tmpc_int=\count303
\l__fontspec_em_int=\count304
\l__fontspec_emdef_int=\count305
\l__fontspec_strong_int=\count306
\l__fontspec_strongdef_int=\count307
\l__fontspec_tmpa_dim=\dimen160
\l__fontspec_tmpb_dim=\dimen161
\l__fontspec_tmpc_dim=\dimen162
(/home/jacob/.TinyTeX/texmf-dist/tex/latex/base/fontenc.sty
Package: fontenc 2025/07/18 v2.1d Standard LaTeX package
) (/home/jacob/.TinyTeX/texmf-dist/tex/latex/fontspec/fontspec.cfg))) (/home/jacob/.TinyTeX/texmf-dist/tex/latex/base/fix-cm.sty
Package: fix-cm 2020/11/24 v1.1t fixes to LaTeX
(/home/jacob/.TinyTeX/texmf-dist/tex/latex/base/ts1enc.def
File: ts1enc.def 2001/06/05 v3.0e (jk/car/fm) Standard LaTeX file
LaTeX Font Info:    Redeclaring font encoding TS1 on input line 47.
LaTeX Encoding Info:    Redeclaring text command \capitalcedilla (encoding TS1) on input line 49.
LaTeX Encoding Info:    Redeclaring text command \capitalogonek (encoding TS1) on input line 52.
LaTeX Encoding Info:    Redeclaring text command \capitalgrave (encoding TS1) on input line 55.
LaTeX Encoding Info:    Redeclaring text command \capitalacute (encoding TS1) on input line 56.
LaTeX Encoding Info:    Redeclaring text command \capitalcircumflex (encoding TS1) on input line 57.
LaTeX Encoding Info:    Redeclaring text command \capitaltilde (encoding TS1) on input line 58.
LaTeX Encoding Info:    Redeclaring text command \capitaldieresis (encoding TS1) on input line 59.
LaTeX Encoding Info:    Redeclaring text command \capitalhungarumlaut (encoding TS1) on input line 60.
LaTeX Encoding Info:    Redeclaring text command \capitalring (encoding TS1) on input line 61.
LaTeX Encoding Info:    Redeclaring text command \capitalcaron (encoding TS1) on input line 62.
LaTeX Encoding Info:    Redeclaring text command \capitalbreve (encoding TS1) on input line 63.
LaTeX Encoding Info:    Redeclaring text command \capitalmacron (encoding TS1) on input line 64.
LaTeX Encoding Info:    Redeclaring text command \capitaldotaccent (encoding TS1) on input line 65.
LaTeX Encoding Info:    Redeclaring text command \t (encoding TS1) on input line 66.
LaTeX Encoding Info:    Redeclaring text command \capitaltie (encoding TS1) on input line 67.
LaTeX Encoding Info:    Redeclaring text command \newtie (encoding TS1) on input line 68.
LaTeX Encoding Info:    Redeclaring text command \capitalnewtie (encoding TS1) on input line 69.
LaTeX Encoding Info:    Redeclaring text symbol \textcapitalcompwordmark (encoding TS1) on input line 70.
LaTeX Encoding Info:    Redeclaring text symbol \textascendercompwordmark (encoding TS1) on input line 71.
LaTeX Encoding Info:    Redeclaring text symbol \textquotestraightbase (encoding TS1) on input line 72.
LaTeX Encoding Info:    Redeclaring text symbol \textquotestraightdblbase (encoding TS1) on input line 73.
LaTeX Encoding Info:    Redeclaring text symbol \texttwelveudash (encoding TS1) on input line 74.
LaTeX Encoding Info:    Redeclaring text symbol \textthreequartersemdash (encoding TS1) on input line 75.
LaTeX Encoding Info:    Redeclaring text symbol \textleftarrow (encoding TS1) on input line 76.
LaTeX Encoding Info:    Redeclaring text symbol \textrightarrow (encoding TS1) on input line 77.
LaTeX Encoding Info:    Redeclaring text symbol \textblank (encoding TS1) on input line 78.
LaTeX Encoding Info:    Redeclaring text symbol \textdollar (encoding TS1) on input line 79.
LaTeX Encoding Info:    Redeclaring text symbol \textquotesingle (encoding TS1) on input line 80.
LaTeX Encoding Info:    Redeclaring text command \textasteriskcentered (encoding TS1) on input line 81.
LaTeX Encoding Info:    Redeclaring text symbol \textdblhyphen (encoding TS1) on input line 92.
LaTeX Encoding Info:    Redeclaring text symbol \textfractionsolidus (encoding TS1) on input line 93.
LaTeX Encoding Info:    Redeclaring text symbol \textzerooldstyle (encoding TS1) on input line 94.
LaTeX Encoding Info:    Redeclaring text symbol \textoneoldstyle (encoding TS1) on input line 95.
LaTeX Encoding Info:    Redeclaring text symbol \texttwooldstyle (encoding TS1) on input line 96.
LaTeX Encoding Info:    Redeclaring text symbol \textthreeoldstyle (encoding TS1) on input line 97.
LaTeX Encoding Info:    Redeclaring text symbol \textfouroldstyle (encoding TS1) on input line 98.
LaTeX Encoding Info:    Redeclaring text symbol \textfiveoldstyle (encoding TS1) on input line 99.
LaTeX Encoding Info:    Redeclaring text symbol \textsixoldstyle (encoding TS1) on input line 100.
LaTeX Encoding Info:    Redeclaring text symbol \textsevenoldstyle (encoding TS1) on input line 101.
LaTeX Encoding Info:    Redeclaring text symbol \texteightoldstyle (encoding TS1) on input line 102.
LaTeX Encoding Info:    Redeclaring text symbol \textnineoldstyle (encoding TS1) on input line 103.
LaTeX Encoding Info:    Redeclaring text symbol \textlangle (encoding TS1) on input line 104.
LaTeX Encoding Info:    Redeclaring text symbol \textminus (encoding TS1) on input line 105.
LaTeX Encoding Info:    Redeclaring text symbol \textrangle (encoding TS1) on input line 106.
LaTeX Encoding Info:    Redeclaring text symbol \textmho (encoding TS1) on input line 107.
LaTeX Encoding Info:    Redeclaring text symbol \textbigcircle (encoding TS1) on input line 108.
LaTeX Encoding Info:    Redeclaring text command \textcircled (encoding TS1) on input line 109.
LaTeX Encoding Info:    Redeclaring text symbol \textohm (encoding TS1) on input line 115.
LaTeX Encoding Info:    Redeclaring text symbol \textlbrackdbl (encoding TS1) on input line 116.
LaTeX Encoding Info:    Redeclaring text symbol \textrbrackdbl (encoding TS1) on input line 117.
LaTeX Encoding Info:    Redeclaring text symbol \textuparrow (encoding TS1) on input line 118.
LaTeX Encoding Info:    Redeclaring text symbol \textdownarrow (encoding TS1) on input line 119.
LaTeX Encoding Info:    Redeclaring text symbol \textasciigrave (encoding TS1) on input line 120.
LaTeX Encoding Info:    Redeclaring text symbol \textborn (encoding TS1) on input line 121.
LaTeX Encoding Info:    Redeclaring text symbol \textdivorced (encoding TS1) on input line 122.
LaTeX Encoding Info:    Redeclaring text symbol \textdied (encoding TS1) on input line 123.
LaTeX Encoding Info:    Redeclaring text symbol \textleaf (encoding TS1) on input line 124.
LaTeX Encoding Info:    Redeclaring text symbol \textmarried (encoding TS1) on input line 125.
LaTeX Encoding Info:    Redeclaring text symbol \textmusicalnote (encoding TS1) on input line 126.
LaTeX Encoding Info:    Redeclaring text symbol \texttildelow (encoding TS1) on input line 127.
LaTeX Encoding Info:    Redeclaring text symbol \textdblhyphenchar (encoding TS1) on input line 128.
LaTeX Encoding Info:    Redeclaring text symbol \textasciibreve (encoding TS1) on input line 129.
LaTeX Encoding Info:    Redeclaring text symbol \textasciicaron (encoding TS1) on input line 130.
LaTeX Encoding Info:    Redeclaring text symbol \textacutedbl (encoding TS1) on input line 131.
LaTeX Encoding Info:    Redeclaring text symbol \textgravedbl (encoding TS1) on input line 132.
LaTeX Encoding Info:    Redeclaring text symbol \textdagger (encoding TS1) on input line 133.
LaTeX Encoding Info:    Redeclaring text symbol \textdaggerdbl (encoding TS1) on input line 134.
LaTeX Encoding Info:    Redeclaring text symbol \textbardbl (encoding TS1) on input line 135.
LaTeX Encoding Info:    Redeclaring text symbol \textperthousand (encoding TS1) on input line 136.
LaTeX Encoding Info:    Redeclaring text symbol \textbullet (encoding TS1) on input line 137.
LaTeX Encoding Info:    Redeclaring text symbol \textcelsius (encoding TS1) on input line 138.
LaTeX Encoding Info:    Redeclaring text symbol \textdollaroldstyle (encoding TS1) on input line 139.
LaTeX Encoding Info:    Redeclaring text symbol \textcentoldstyle (encoding TS1) on input line 140.
LaTeX Encoding Info:    Redeclaring text symbol \textflorin (encoding TS1) on input line 141.
LaTeX Encoding Info:    Redeclaring text symbol \textcolonmonetary (encoding TS1) on input line 142.
LaTeX Encoding Info:    Redeclaring text symbol \textwon (encoding TS1) on input line 143.
LaTeX Encoding Info:    Redeclaring text symbol \textnaira (encoding TS1) on input line 144.
LaTeX Encoding Info:    Redeclaring text symbol \textguarani (encoding TS1) on input line 145.
LaTeX Encoding Info:    Redeclaring text symbol \textpeso (encoding TS1) on input line 146.
LaTeX Encoding Info:    Redeclaring text symbol \textlira (encoding TS1) on input line 147.
LaTeX Encoding Info:    Redeclaring text symbol \textrecipe (encoding TS1) on input line 148.
LaTeX Encoding Info:    Redeclaring text symbol \textinterrobang (encoding TS1) on input line 149.
LaTeX Encoding Info:    Redeclaring text symbol \textinterrobangdown (encoding TS1) on input line 150.
LaTeX Encoding Info:    Redeclaring text symbol \textdong (encoding TS1) on input line 151.
LaTeX Encoding Info:    Redeclaring text symbol \texttrademark (encoding TS1) on input line 152.
LaTeX Encoding Info:    Redeclaring text symbol \textpertenthousand (encoding TS1) on input line 153.
LaTeX Encoding Info:    Redeclaring text symbol \textpilcrow (encoding TS1) on input line 154.
LaTeX Encoding Info:    Redeclaring text symbol \textbaht (encoding TS1) on input line 155.
LaTeX Encoding Info:    Redeclaring text symbol \textnumero (encoding TS1) on input line 156.
LaTeX Encoding Info:    Redeclaring text symbol \textdiscount (encoding TS1) on input line 157.
LaTeX Encoding Info:    Redeclaring text symbol \textestimated (encoding TS1) on input line 158.
LaTeX Encoding Info:    Redeclaring text symbol \textopenbullet (encoding TS1) on input line 159.
LaTeX Encoding Info:    Redeclaring text symbol \textservicemark (encoding TS1) on input line 160.
LaTeX Encoding Info:    Redeclaring text symbol \textlquill (encoding TS1) on input line 161.
LaTeX Encoding Info:    Redeclaring text symbol \textrquill (encoding TS1) on input line 162.
LaTeX Encoding Info:    Redeclaring text symbol \textcent (encoding TS1) on input line 163.
LaTeX Encoding Info:    Redeclaring text symbol \textsterling (encoding TS1) on input line 164.
LaTeX Encoding Info:    Redeclaring text symbol \textcurrency (encoding TS1) on input line 165.
LaTeX Encoding Info:    Redeclaring text symbol \textyen (encoding TS1) on input line 166.
LaTeX Encoding Info:    Redeclaring text symbol \textbrokenbar (encoding TS1) on input line 167.
LaTeX Encoding Info:    Redeclaring text symbol \textsection (encoding TS1) on input line 168.
LaTeX Encoding Info:    Redeclaring text symbol \textasciidieresis (encoding TS1) on input line 169.
LaTeX Encoding Info:    Redeclaring text symbol \textcopyright (encoding TS1) on input line 170.
LaTeX Encoding Info:    Redeclaring text symbol \textordfeminine (encoding TS1) on input line 171.
LaTeX Encoding Info:    Redeclaring text symbol \textcopyleft (encoding TS1) on input line 172.
LaTeX Encoding Info:    Redeclaring text symbol \textlnot (encoding TS1) on input line 173.
LaTeX Encoding Info:    Redeclaring text symbol \textcircledP (encoding TS1) on input line 174.
LaTeX Encoding Info:    Redeclaring text symbol \textregistered (encoding TS1) on input line 175.
LaTeX Encoding Info:    Redeclaring text symbol \textasciimacron (encoding TS1) on input line 176.
LaTeX Encoding Info:    Redeclaring text symbol \textdegree (encoding TS1) on input line 177.
LaTeX Encoding Info:    Redeclaring text symbol \textpm (encoding TS1) on input line 178.
LaTeX Encoding Info:    Redeclaring text symbol \texttwosuperior (encoding TS1) on input line 179.
LaTeX Encoding Info:    Redeclaring text symbol \textthreesuperior (encoding TS1) on input line 180.
LaTeX Encoding Info:    Redeclaring text symbol \textasciiacute (encoding TS1) on input line 181.
LaTeX Encoding Info:    Redeclaring text symbol \textmu (encoding TS1) on input line 182.
LaTeX Encoding Info:    Redeclaring text symbol \textparagraph (encoding TS1) on input line 183.
LaTeX Encoding Info:    Redeclaring text symbol \textperiodcentered (encoding TS1) on input line 184.
LaTeX Encoding Info:    Redeclaring text symbol \textreferencemark (encoding TS1) on input line 185.
LaTeX Encoding Info:    Redeclaring text symbol \textonesuperior (encoding TS1) on input line 186.
LaTeX Encoding Info:    Redeclaring text symbol \textordmasculine (encoding TS1) on input line 187.
LaTeX Encoding Info:    Redeclaring text symbol \textsurd (encoding TS1) on input line 188.
LaTeX Encoding Info:    Redeclaring text symbol \textonequarter (encoding TS1) on input line 189.
LaTeX Encoding Info:    Redeclaring text symbol \textonehalf (encoding TS1) on input line 190.
LaTeX Encoding Info:    Redeclaring text symbol \textthreequarters (encoding TS1) on input line 191.
LaTeX Encoding Info:    Redeclaring text symbol \texteuro (encoding TS1) on input line 192.
LaTeX Encoding Info:    Redeclaring text symbol \texttimes (encoding TS1) on input line 193.
LaTeX Encoding Info:    Redeclaring text symbol \textdiv (encoding TS1) on input line 194.
))
\g__um_fam_int=\count308
\g__um_fonts_used_int=\count309
\l__um_primecount_int=\count310
\g__um_primekern_muskip=\muskip18
(/home/jacob/.TinyTeX/texmf-dist/tex/latex/unicode-math/unicode-math-table.tex))) (/home/jacob/.TinyTeX/texmf-dist/tex/latex/lm/lmodern.sty
Package: lmodern 2015/05/01 v1.6.1 Latin Modern Fonts
LaTeX Font Info:    Overwriting symbol font `operators' in version `normal'
(Font)                  OT1/cmr/m/n --> OT1/lmr/m/n on input line 22.
LaTeX Font Info:    Overwriting symbol font `letters' in version `normal'
(Font)                  OML/cmm/m/it --> OML/lmm/m/it on input line 23.
LaTeX Font Info:    Overwriting symbol font `symbols' in version `normal'
(Font)                  OMS/cmsy/m/n --> OMS/lmsy/m/n on input line 24.
LaTeX Font Info:    Overwriting symbol font `largesymbols' in version `normal'
(Font)                  OMX/cmex/m/n --> OMX/lmex/m/n on input line 25.
LaTeX Font Info:    Overwriting symbol font `operators' in version `bold'
(Font)                  OT1/cmr/bx/n --> OT1/lmr/bx/n on input line 26.
LaTeX Font Info:    Overwriting symbol font `letters' in version `bold'
(Font)                  OML/cmm/b/it --> OML/lmm/b/it on input line 27.
LaTeX Font Info:    Overwriting symbol font `symbols' in version `bold'
(Font)                  OMS/cmsy/b/n --> OMS/lmsy/b/n on input line 28.
LaTeX Font Info:    Overwriting symbol font `largesymbols' in version `bold'
(Font)                  OMX/cmex/m/n --> OMX/lmex/m/n on input line 29.
LaTeX Font Info:    Overwriting math alphabet `\mathbf' in version `normal'
(Font)                  OT1/cmr/bx/n --> OT1/lmr/bx/n on input line 31.
LaTeX Font Info:    Overwriting math alphabet `\mathsf' in version `normal'
(Font)                  OT1/cmss/m/n --> OT1/lmss/m/n on input line 32.
LaTeX Font Info:    Overwriting math alphabet `\mathit' in version `normal'
(Font)                  OT1/cmr/m/it --> OT1/lmr/m/it on input line 33.
LaTeX Font Info:    Overwriting math alphabet `\mathtt' in version `normal'
(Font)                  OT1/cmtt/m/n --> OT1/lmtt/m/n on input line 34.
LaTeX Font Info:    Overwriting math alphabet `\mathbf' in version `bold'
(Font)                  OT1/cmr/bx/n --> OT1/lmr/bx/n on input line 35.
LaTeX Font Info:    Overwriting math alphabet `\mathsf' in version `bold'
(Font)                  OT1/cmss/bx/n --> OT1/lmss/bx/n on input line 36.
LaTeX Font Info:    Overwriting math alphabet `\mathit' in version `bold'
(Font)                  OT1/cmr/bx/it --> OT1/lmr/bx/it on input line 37.
LaTeX Font Info:    Overwriting math alphabet `\mathtt' in version `bold'
(Font)                  OT1/cmtt/m/n --> OT1/lmtt/m/n on input line 38.
) (/home/jacob/.TinyTeX/texmf-dist/tex/latex/upquote/upquote.sty
Package: upquote 2012/04/19 v1.3 upright-quote and grave-accent glyphs in verbatim
(/home/jacob/.TinyTeX/texmf-dist/tex/latex/base/textcomp.sty
Package: textcomp 2024/04/24 v2.1b Standard LaTeX package
)) (/home/jacob/.TinyTeX/texmf-dist/tex/latex/fancyvrb/fancyvrb.sty
Package: fancyvrb 2026/04/16 4.6a verbatim text (tvz,hv)
(/home/jacob/.TinyTeX/texmf-dist/tex/latex/graphics/keyval.sty
Package: keyval 2026-05-17 v1.15 key=value parser (DPC)
\KV@toks@=\toks22
)
\FV@CodeLineNo=\count311
\FV@InFile=\read2
\FV@TabBox=\box55
\c@FancyVerbLine=\count312
\FV@StepNumber=\count313
\FV@OutFile=\write3
) (/home/jacob/.TinyTeX/texmf-dist/tex/latex/framed/framed.sty
Package: framed 2011/10/22 v 0.96: framed or shaded text with page breaks
\OuterFrameSep=\skip54
\fb@frw=\dimen163
\fb@frh=\dimen164
\FrameRule=\dimen165
\FrameSep=\dimen166
) (/home/jacob/.TinyTeX/texmf-dist/tex/latex/tools/longtable.sty
Package: longtable 2026-01-28 v4.27 Multi-page Table package (DPC)
\LTleft=\skip55
\LTright=\skip56
\LTpre=\skip57
\LTpost=\skip58
\LTchunksize=\count314
\LTcapwidth=\dimen167
\LT@head=\box56
\LT@firsthead=\box57
\LT@foot=\box58
\LT@lastfoot=\box59
\LT@gbox=\box60
\LT@cols=\count315
\LT@rows=\count316
\c@LT@tables=\count317
\c@LT@chunks=\count318
\LT@p@ftn=\toks23
) (/home/jacob/.TinyTeX/texmf-dist/tex/latex/booktabs/booktabs.sty
Package: booktabs 2020/01/12 v1.61803398 Publication quality tables
\heavyrulewidth=\dimen168
\lightrulewidth=\dimen169
\cmidrulewidth=\dimen170
\belowrulesep=\dimen171
\belowbottomsep=\dimen172
\aboverulesep=\dimen173
\abovetopsep=\dimen174
\cmidrulesep=\dimen175
\cmidrulekern=\dimen176
\defaultaddspace=\dimen177
\@cmidla=\count319
\@cmidlb=\count320
\@aboverulesep=\dimen178
\@belowrulesep=\dimen179
\@thisruleclass=\count321
\@lastruleclass=\count322
\@thisrulewidth=\dimen180
) (/home/jacob/.TinyTeX/texmf-dist/tex/latex/tools/array.sty
Package: array 2026/02/24 v2.7b Tabular extension package (FMi)
\col@sep=\dimen181
\ar@mcellbox=\box61
\extrarowheight=\dimen182
\NC@list=\toks24
\extratabsurround=\skip59
\backup@length=\skip60
\ar@cellbox=\box62
)
\c@none=\count323
(/home/jacob/.TinyTeX/texmf-dist/tex/latex/tools/calc.sty
Package: calc 2025/03/01 v4.3b Infix arithmetic (KKT,FJ)
\calc@Acount=\count324
\calc@Bcount=\count325
\calc@Adimen=\dimen183
\calc@Bdimen=\dimen184
\calc@Askip=\skip61
\calc@Bskip=\skip62
LaTeX Info: Redefining \setlength on input line 86.
LaTeX Info: Redefining \addtolength on input line 87.
\calc@Ccount=\count326
\calc@Cskip=\skip63
) (/home/jacob/.TinyTeX/texmf-dist/tex/latex/etoolbox/etoolbox.sty
Package: etoolbox 2025/10/02 v2.5m e-TeX tools for LaTeX (JAW)
\etb@tempcnta=\count327
) (/home/jacob/.TinyTeX/texmf-dist/tex/latex/mdwtools/footnote.sty
Package: footnote 1997/01/28 1.13 Save footnotes around boxes
\fn@notes=\box63
\fn@width=\dimen185
) (/home/jacob/.TinyTeX/texmf-dist/tex/latex/graphics/graphicx.sty
Package: graphicx 2026-05-17 v1.2e Enhanced LaTeX Graphics (DPC,SPQR)
(/home/jacob/.TinyTeX/texmf-dist/tex/latex/graphics/graphics.sty
Package: graphics 2026-05-17 v1.4h Standard LaTeX Graphics (DPC,SPQR)
(/home/jacob/.TinyTeX/texmf-dist/tex/latex/graphics/trig.sty
Package: trig 2023/12/02 v1.11 sin cos tan (DPC)
) (/home/jacob/.TinyTeX/texmf-dist/tex/latex/graphics-cfg/graphics.cfg
File: graphics.cfg 2016/06/04 v1.11 sample graphics configuration
)
Package graphics Info: Driver file: xetex.def on input line 106.
)
\Gin@req@height=\dimen186
\Gin@req@width=\dimen187
)
\pandoc@box=\box64
\cslhangindent=\skip64
\csllabelwidth=\skip65
(/home/jacob/.TinyTeX/texmf-dist/tex/latex/hyperref/hyperref.sty
Package: hyperref 2026-04-24 v7.01q Hypertext links for LaTeX
(/home/jacob/.TinyTeX/texmf-dist/tex/latex/kvsetkeys/kvsetkeys.sty
Package: kvsetkeys 2022-10-05 v1.19 Key value parser (HO)
) (/home/jacob/.TinyTeX/texmf-dist/tex/generic/kvdefinekeys/kvdefinekeys.sty
Package: kvdefinekeys 2019-12-19 v1.6 Define keys (HO)
) (/home/jacob/.TinyTeX/texmf-dist/tex/generic/pdfescape/pdfescape.sty
Package: pdfescape 2019/12/09 v1.15 Implements pdfTeX's escape features (HO)
(/home/jacob/.TinyTeX/texmf-dist/tex/generic/ltxcmds/ltxcmds.sty
Package: ltxcmds 2023-12-04 v1.26 LaTeX kernel commands for general use (HO)
) (/home/jacob/.TinyTeX/texmf-dist/tex/generic/pdftexcmds/pdftexcmds.sty
Package: pdftexcmds 2020-06-27 v0.33 Utility functions of pdfTeX for LuaTeX (HO)
(/home/jacob/.TinyTeX/texmf-dist/tex/generic/infwarerr/infwarerr.sty
Package: infwarerr 2019/12/03 v1.5 Providing info/warning/error messages (HO)
)
Package pdftexcmds Info: \pdf@primitive is available.
Package pdftexcmds Info: \pdf@ifprimitive is available.
Package pdftexcmds Info: \pdfdraftmode not found.
)) (/home/jacob/.TinyTeX/texmf-dist/tex/latex/hycolor/hycolor.sty
Package: hycolor 2020-01-27 v1.10 Color options for hyperref/bookmark (HO)
) (/home/jacob/.TinyTeX/texmf-dist/tex/latex/hyperref/nameref.sty
Package: nameref 2026-01-29 v2.58 Cross-referencing by name of section
(/home/jacob/.TinyTeX/texmf-dist/tex/latex/refcount/refcount.sty
Package: refcount 2019/12/15 v3.6 Data extraction from label references (HO)
) (/home/jacob/.TinyTeX/texmf-dist/tex/generic/gettitlestring/gettitlestring.sty
Package: gettitlestring 2019/12/15 v1.6 Cleanup title references (HO)
(/home/jacob/.TinyTeX/texmf-dist/tex/latex/kvoptions/kvoptions.sty
Package: kvoptions 2022-06-15 v3.15 Key value format for package options (HO)
))
\c@section@level=\count328
) (/home/jacob/.TinyTeX/texmf-dist/tex/generic/stringenc/stringenc.sty
Package: stringenc 2019/11/29 v1.12 Convert strings between diff. encodings (HO)
)
\@linkdim=\dimen188
\Hy@linkcounter=\count329
\Hy@pagecounter=\count330
(/home/jacob/.TinyTeX/texmf-dist/tex/latex/hyperref/pd1enc.def
File: pd1enc.def 2026-04-24 v7.01q Hyperref: PDFDocEncoding definition (HO)
) (/home/jacob/.TinyTeX/texmf-dist/tex/generic/intcalc/intcalc.sty
Package: intcalc 2019/12/15 v1.3 Expandable calculations with integers (HO)
)
\Hy@SavedSpaceFactor=\count331
(/home/jacob/.TinyTeX/texmf-dist/tex/latex/hyperref/puenc.def
File: puenc.def 2026-04-24 v7.01q Hyperref: PDF Unicode definition (HO)
)
Package hyperref Info: Option `unicode' set `true' on input line 4070.
Package hyperref Info: Option `draft' set `true' on input line 4070.
Package hyperref Info: Hyper figures OFF on input line 4199.
Package hyperref Info: Link nesting OFF on input line 4204.
Package hyperref Info: Hyper index ON on input line 4207.
Package hyperref Info: Plain pages OFF on input line 4214.
Package hyperref Info: Backreferencing OFF on input line 4219.
Package hyperref Info: Implicit mode ON; LaTeX internals redefined.
Package hyperref Info: Bookmarks ON on input line 4466.
\c@Hy@tempcnt=\count332
(/home/jacob/.TinyTeX/texmf-dist/tex/latex/url/url.sty
\Urlmuskip=\muskip19
Package: url 2013/09/16  ver 3.4  Verb mode for urls, etc.
)
LaTeX Info: Redefining \url on input line 4805.
\XeTeXLinkMargin=\dimen189
(/home/jacob/.TinyTeX/texmf-dist/tex/generic/bitset/bitset.sty
Package: bitset 2019/12/09 v1.3 Handle bit-vector datatype (HO)
(/home/jacob/.TinyTeX/texmf-dist/tex/generic/bigintcalc/bigintcalc.sty
Package: bigintcalc 2019/12/15 v1.5 Expandable calculations on big integers (HO)
))
\Fld@menulength=\count333
\Field@Width=\dimen190
\Fld@charsize=\dimen191
Package hyperref Info: Hyper figures OFF on input line 6091.
Package hyperref Info: Link nesting OFF on input line 6096.
Package hyperref Info: Hyper index ON on input line 6099.
Package hyperref Info: backreferencing OFF on input line 6106.
Package hyperref Info: Link coloring OFF on input line 6111.
Package hyperref Info: Link coloring with OCG OFF on input line 6116.
Package hyperref Info: PDF/A mode OFF on input line 6121.
\Hy@abspage=\count334
\c@Item=\count335
\c@Hfootnote=\count336
)
Package hyperref Info: Driver (autodetected): hxetex.
(/home/jacob/.TinyTeX/texmf-dist/tex/latex/hyperref/hxetex.def
File: hxetex.def 2026-04-24 v7.01q Hyperref driver for XeTeX
\pdfm@box=\box65
\c@Hy@AnnotLevel=\count337
\HyField@AnnotCount=\count338
\Fld@listcount=\count339
\c@bookmark@seq@number=\count340
(/home/jacob/.TinyTeX/texmf-dist/tex/latex/rerunfilecheck/rerunfilecheck.sty
Package: rerunfilecheck 2025-06-21 v1.11 Rerun checks for auxiliary files (HO)
(/home/jacob/.TinyTeX/texmf-dist/tex/generic/uniquecounter/uniquecounter.sty
Package: uniquecounter 2019/12/15 v1.4 Provide unlimited unique counter (HO)
)
Package uniquecounter Info: New unique counter `rerunfilecheck' on input line 284.
)
\Hy@SectionHShift=\skip66
) (/home/jacob/.TinyTeX/texmf-dist/tex/latex/geometry/geometry.sty
Package: geometry 2026/03/07 v6.0 Page Geometry
(/home/jacob/.TinyTeX/texmf-dist/tex/generic/iftex/ifvtex.sty
Package: ifvtex 2019/10/25 v1.7 ifvtex legacy package. Use iftex instead.
)
\Gm@cnth=\count341
\Gm@cntv=\count342
\c@Gm@tempcnt=\count343
\Gm@bindingoffset=\dimen192
\Gm@wd@mp=\dimen193
\Gm@odd@mp=\dimen194
\Gm@even@mp=\dimen195
\Gm@layoutwidth=\dimen196
\Gm@layoutheight=\dimen197
\Gm@layouthoffset=\dimen198
\Gm@layoutvoffset=\dimen199
\Gm@dimlist=\toks25
) (/home/jacob/.TinyTeX/texmf-dist/tex/latex/fvextra/fvextra.sty
Package: fvextra 2026/02/25 v1.14.0 fvextra - extensions and patches for fancyvrb
(/home/jacob/.TinyTeX/texmf-dist/tex/latex/lineno/lineno.sty
Package: lineno 2026/03/08 line numbers on paragraphs v5.9
\linenopenalty=\count344
\output=\toks26
\linenoprevgraf=\count345
\linenumbersep=\dimen256
\linenumberwidth=\dimen257
\c@linenumber=\count346
\c@pagewiselinenumber=\count347
\c@LN@truepage=\count348
\c@internallinenumber=\count349
\c@internallinenumbers=\count350
\quotelinenumbersep=\dimen258
\bframerule=\dimen259
\bframesep=\dimen260
\bframebox=\box66
\@LN@amsmath@ams@eqpen=\count351
)
\c@FancyVerbWriteLine=\count352
\c@FancyVerbBufferLine=\count353
\c@FV@TrueTabGroupLevel=\count354
\c@FV@TrueTabCounter=\count355
\FV@TabBox@Group=\box67
\FV@bgcolorstructbox=\box68
\FV@TmpLength=\skip67
\c@FV@HighlightLinesStart=\count356
\c@FV@HighlightLinesStop=\count357
\FV@LoopCount=\count358
\FV@NCharsBox=\box69
\FV@BreakIndent=\dimen261
\FV@BreakIndentNChars=\count359
\FV@BreakSymbolSepLeft=\dimen262
\FV@BreakSymbolSepLeftNChars=\count360
\FV@BreakSymbolSepRight=\dimen263
\FV@BreakSymbolSepRightNChars=\count361
\FV@BreakSymbolIndentLeft=\dimen264
\FV@BreakSymbolIndentLeftNChars=\count362
\FV@BreakSymbolIndentRight=\dimen265
\FV@BreakSymbolIndentRightNChars=\count363
\c@FancyVerbLineBreakLast=\count364
\FV@LineBox=\box70
\FV@LineIndentBox=\box71
\c@FV@BreakBufferDepth=\count365
\FV@LineWidth=\dimen266
) (/home/jacob/.TinyTeX/texmf-dist/tex/latex/multirow/multirow.sty
Package: multirow 2024/11/12 v2.9 Span multiple rows of a table
\multirow@colwidth=\skip68
\multirow@cntb=\count366
\multirow@dima=\skip69
\bigstrutjot=\dimen267
) (/home/jacob/.TinyTeX/texmf-dist/tex/latex/wrapfig/wrapfig.sty
\wrapoverhang=\dimen268
\WF@size=\dimen269
\c@WF@wrappedlines=\count367
\WF@box=\box72
\WF@everypar=\toks27
Package: wrapfig 2003/01/31  v 3.6
) (/home/jacob/.TinyTeX/texmf-dist/tex/latex/float/float.sty
Package: float 2001/11/08 v1.3d Float enhancements (AL)
\c@float@type=\count368
\float@exts=\toks28
\float@box=\box73
\@float@everytoks=\toks29
\@floatcapt=\box74
) (/home/jacob/.TinyTeX/texmf-dist/tex/latex/colortbl/colortbl.sty
Package: colortbl 2026/05/01 v1.0l Color table columns (DPC)
new hooks used!!
\minrowclearance=\skip70
\rownum=\count369
) (/home/jacob/.TinyTeX/texmf-dist/tex/latex/pdflscape/pdflscape.sty
Package: pdflscape 2025-06-23 v0.14 Display of landscape pages in PDF
(/home/jacob/.TinyTeX/texmf-dist/tex/latex/pdflscape/pdflscape-nometadata.sty
Package: pdflscape-nometadata 2025-06-23 v0.14 Display of landscape pages in PDF (HO)
(/home/jacob/.TinyTeX/texmf-dist/tex/latex/graphics/lscape.sty
Package: lscape 2020/05/28 v3.02 Landscape Pages (DPC)
)
Package pdflscape Info: Auto-detected driver: dvipdfm (xetex) on input line 98.
)) (/home/jacob/.TinyTeX/texmf-dist/tex/latex/tabu/tabu.sty
Package: tabu 2019/01/11 v2.9 - flexible LaTeX tabulars (FC+tabu-fixed)
(/home/jacob/.TinyTeX/texmf-dist/tex/latex/varwidth/varwidth.sty
Package: varwidth 2009/03/30 ver 0.92;  Variable-width minipages
\@vwid@box=\box75
\sift@deathcycles=\count370
\@vwid@loff=\dimen270
\@vwid@roff=\dimen271
)
==> First Aid for varwidth.sty applied!
\c@taburow=\count371
\tabu@nbcols=\count372
\tabu@cnt=\count373
\tabu@Xcol=\count374
\tabu@alloc=\count375
\tabu@nested=\count376
\tabu@target=\dimen272
\tabu@spreadtarget=\dimen273
\tabu@naturalX=\dimen274
\tabucolX=\dimen275
\tabu@Xsum=\dimen276
\extrarowdepth=\dimen277
\abovetabulinesep=\dimen278
\belowtabulinesep=\dimen279
\tabustrutrule=\dimen280
\tabu@thebody=\toks30
\tabu@footnotes=\toks31
\tabu@box=\box76
\tabu@arstrutbox=\box77
\tabu@hleads=\box78
\tabu@vleads=\box79
\tabu@cellskip=\skip71
) (/home/jacob/.TinyTeX/texmf-dist/tex/latex/threeparttable/threeparttable.sty
Package: threeparttable 2003/06/13  v 3.0
\@tempboxb=\box80
) (/home/jacob/.TinyTeX/texmf-dist/tex/latex/threeparttablex/threeparttablex.sty
Package: threeparttablex 2013/07/23 v0.3 by daleif
(/home/jacob/.TinyTeX/texmf-dist/tex/latex/environ/environ.sty
Package: environ 2014/05/04 v0.3 A new way to define environments
(/home/jacob/.TinyTeX/texmf-dist/tex/latex/trimspaces/trimspaces.sty
Package: trimspaces 2009/09/17 v1.1 Trim spaces around a token list
))
\TPTL@width=\skip72
) (/home/jacob/.TinyTeX/texmf-dist/tex/generic/ulem/ulem.sty
\UL@box=\box81
\UL@hyphenbox=\box82
\UL@skip=\skip73
\UL@hook=\toks32
\UL@height=\dimen281
\UL@pe=\count377
\UL@pixel=\dimen282
\ULC@box=\box83
Package: ulem 2019/11/18
\ULdepth=\dimen283
) (/home/jacob/.TinyTeX/texmf-dist/tex/latex/makecell/makecell.sty
Package: makecell 2009/08/03 V0.1e Managing of Tab Column Heads and Cells
\rotheadsize=\dimen284
\c@nlinenum=\count378
\TeXr@lab=\toks33
) (/home/jacob/.TinyTeX/texmf-dist/tex/latex/bookmark/bookmark.sty
Package: bookmark 2026-05-21 v1.32 PDF bookmarks (HO)
(/home/jacob/.TinyTeX/texmf-dist/tex/latex/bookmark/bkm-xetex.def
File: bkm-xetex.def 2026-05-21 v1.32 bookmark driver for xetex (HO)
\BKM@id=\count379
)) (./spc4hc.aux)
\openout1 = `spc4hc.aux'.

LaTeX Font Info:    Checking defaults for OML/cmm/m/it on input line 192.
LaTeX Font Info:    ... okay on input line 192.
LaTeX Font Info:    Checking defaults for OMS/cmsy/m/n on input line 192.
LaTeX Font Info:    ... okay on input line 192.
LaTeX Font Info:    Checking defaults for OT1/cmr/m/n on input line 192.
LaTeX Font Info:    ... okay on input line 192.
LaTeX Font Info:    Checking defaults for T1/cmr/m/n on input line 192.
LaTeX Font Info:    ... okay on input line 192.
LaTeX Font Info:    Checking defaults for TS1/cmr/m/n on input line 192.
LaTeX Font Info:    ... okay on input line 192.
LaTeX Font Info:    Checking defaults for TU/lmr/m/n on input line 192.
LaTeX Font Info:    ... okay on input line 192.
LaTeX Font Info:    Checking defaults for OMX/cmex/m/n on input line 192.
LaTeX Font Info:    ... okay on input line 192.
LaTeX Font Info:    Checking defaults for U/cmr/m/n on input line 192.
LaTeX Font Info:    ... okay on input line 192.
LaTeX Font Info:    Checking defaults for PD1/pdf/m/n on input line 192.
LaTeX Font Info:    ... okay on input line 192.
LaTeX Font Info:    Checking defaults for PU/pdf/m/n on input line 192.
LaTeX Font Info:    ... okay on input line 192.
LaTeX Font Info:    Overwriting math alphabet `\mathrm' in version `normal'
(Font)                  OT1/lmr/m/n --> TU/lmr/m/n on input line 192.
LaTeX Font Info:    Overwriting math alphabet `\mathit' in version `normal'
(Font)                  OT1/lmr/m/it --> TU/lmr/m/it on input line 192.
LaTeX Font Info:    Overwriting math alphabet `\mathbf' in version `normal'
(Font)                  OT1/lmr/bx/n --> TU/lmr/bx/n on input line 192.
LaTeX Font Info:    Overwriting math alphabet `\mathsf' in version `normal'
(Font)                  OT1/lmss/m/n --> TU/lmss/m/n on input line 192.
LaTeX Font Info:    Overwriting math alphabet `\mathsf' in version `bold'
(Font)                  OT1/lmss/bx/n --> TU/lmss/bx/n on input line 192.
LaTeX Font Info:    Overwriting math alphabet `\mathtt' in version `normal'
(Font)                  OT1/lmtt/m/n --> TU/lmtt/m/n on input line 192.
LaTeX Font Info:    Overwriting math alphabet `\mathtt' in version `bold'
(Font)                  OT1/lmtt/m/n --> TU/lmtt/bx/n on input line 192.

Package fontspec Info: 
(fontspec)             latinmodern-math scale = 0.9999964596882403.


Package fontspec Info: 
(fontspec)             latinmodern-math scale = 0.9999964596882403.


Package fontspec Info: 
(fontspec)             latinmodern-math scale = 0.9999964596882403.


Package fontspec Info: 
(fontspec)             Font family 'latinmodern-math.otf(0)' created for font
(fontspec)             'latinmodern-math.otf' with options
(fontspec)             [Scale=MatchLowercase,BoldItalicFont={},ItalicFont={},SmallCapsFont={},Script=Math,BoldFont={latinmodern-math.otf}].
(fontspec)              
(fontspec)              This font family consists of the following NFSS
(fontspec)             series/shapes:
(fontspec)              
(fontspec)             - 'normal' (m/n) with NFSS spec.:
(fontspec)             <->s*[0.9999964596882403]"[latinmodern-math.otf]/OT:script=math;language=dflt;"
(fontspec)             - 'bold' (b/n) with NFSS spec.:
(fontspec)             <->s*[0.9999964596882403]"[latinmodern-math.otf]/OT:script=math;language=dflt;"

LaTeX Font Info:    Font shape `TU/latinmodern-math.otf(0)/m/n' will be
(Font)              scaled to size 10.0pt on input line 192.

Package fontspec Info: 
(fontspec)             latinmodern-math scale = 0.9999964596882403.


Package fontspec Info: 
(fontspec)             latinmodern-math scale = 0.9999964596882403.


Package fontspec Info: 
(fontspec)             latinmodern-math scale = 0.9999964596882403.


Package fontspec Info: 
(fontspec)             latinmodern-math scale = 0.9999964596882403.


Package fontspec Info: 
(fontspec)             latinmodern-math scale = 0.9999964596882403.


Package fontspec Info: 
(fontspec)             Font family 'latinmodern-math.otf(1)' created for font
(fontspec)             'latinmodern-math.otf' with options
(fontspec)             [Scale=MatchLowercase,BoldItalicFont={},ItalicFont={},SmallCapsFont={},Script=Math,SizeFeatures={{Size=8.5-},{Size=6-8.5,Font=latinmodern-math.otf,Style=MathScript},{Size=-6,Font=latinmodern-math.otf,Style=MathScriptScript}},BoldFont={latinmodern-math.otf}].
(fontspec)              
(fontspec)              This font family consists of the following NFSS
(fontspec)             series/shapes:
(fontspec)              
(fontspec)             - 'normal' (m/n) with NFSS spec.:
(fontspec)             <8.5->s*[0.9999964596882403]"[latinmodern-math.otf]/OT:script=math;language=dflt;"<6-8.5>s*[0.9999964596882403]"[latinmodern-math.otf]/OT:script=math;language=dflt;+ssty=0;"<-6>s*[0.9999964596882403]"[latinmodern-math.otf]/OT:script=math;language=dflt;+ssty=1;"
(fontspec)             - 'bold' (b/n) with NFSS spec.:
(fontspec)             <->s*[0.9999964596882403]"[latinmodern-math.otf]/OT:script=math;language=dflt;"

LaTeX Font Info:    Font shape `TU/latinmodern-math.otf(1)/m/n' will be
(Font)              scaled to size 10.0pt on input line 192.
LaTeX Font Info:    Encoding `OT1' has changed to `TU' for symbol font
(Font)              `operators' in the math version `normal' on input line 192.
LaTeX Font Info:    Overwriting symbol font `operators' in version `normal'
(Font)                  OT1/lmr/m/n --> TU/latinmodern-math.otf(1)/m/n on input line 192.
LaTeX Font Info:    Encoding `OT1' has changed to `TU' for symbol font
(Font)              `operators' in the math version `bold' on input line 192.
LaTeX Font Info:    Overwriting symbol font `operators' in version `bold'
(Font)                  OT1/lmr/bx/n --> TU/latinmodern-math.otf(1)/b/n on input line 192.

Package fontspec Info: 
(fontspec)             latinmodern-math scale = 0.9999964596882403.


Package fontspec Info: 
(fontspec)             latinmodern-math scale = 1.000096459334209.


Package fontspec Info: 
(fontspec)             latinmodern-math scale = 0.9999964596882403.


Package fontspec Info: 
(fontspec)             latinmodern-math scale = 1.000096459334209.


Package fontspec Info: 
(fontspec)             latinmodern-math scale = 0.9999964596882403.


Package fontspec Info: 
(fontspec)             latinmodern-math scale = 1.000096459334209.


Package fontspec Info: 
(fontspec)             latinmodern-math scale = 0.9999964596882403.


Package fontspec Info: 
(fontspec)             latinmodern-math scale = 1.000096459334209.


Package fontspec Info: 
(fontspec)             latinmodern-math scale = 0.9999964596882403.


Package fontspec Info: 
(fontspec)             latinmodern-math scale = 1.000096459334209.


Package fontspec Info: 
(fontspec)             Font family 'latinmodern-math.otf(2)' created for font
(fontspec)             'latinmodern-math.otf' with options
(fontspec)             [Scale=MatchLowercase,BoldItalicFont={},ItalicFont={},SmallCapsFont={},Script=Math,SizeFeatures={{Size=8.5-},{Size=6-8.5,Font=latinmodern-math.otf,Style=MathScript},{Size=-6,Font=latinmodern-math.otf,Style=MathScriptScript}},BoldFont={latinmodern-math.otf},ScaleAgain=1.0001,FontAdjustment={\fontdimen
(fontspec)             8\font =6.77pt\relax \fontdimen 9\font =3.94pt\relax
(fontspec)             \fontdimen 10\font =4.44pt\relax \fontdimen 11\font
(fontspec)             =6.86pt\relax \fontdimen 12\font =3.45pt\relax
(fontspec)             \fontdimen 13\font =3.63pt\relax \fontdimen 14\font
(fontspec)             =3.63pt\relax \fontdimen 15\font =2.89pt\relax
(fontspec)             \fontdimen 16\font =2.47pt\relax \fontdimen 17\font
(fontspec)             =2.47pt\relax \fontdimen 18\font =2.5pt\relax
(fontspec)             \fontdimen 19\font =2.0pt\relax \fontdimen 22\font
(fontspec)             =2.5pt\relax \fontdimen 20\font =0pt\relax \fontdimen
(fontspec)             21\font =0pt\relax }].
(fontspec)              
(fontspec)              This font family consists of the following NFSS
(fontspec)             series/shapes:
(fontspec)              
(fontspec)             - 'normal' (m/n) with NFSS spec.:
(fontspec)             <8.5->s*[1.000096459334209]"[latinmodern-math.otf]/OT:script=math;language=dflt;"<6-8.5>s*[1.000096459334209]"[latinmodern-math.otf]/OT:script=math;language=dflt;+ssty=0;"<-6>s*[1.000096459334209]"[latinmodern-math.otf]/OT:script=math;language=dflt;+ssty=1;"
(fontspec)             - 'bold' (b/n) with NFSS spec.:
(fontspec)             <->s*[1.000096459334209]"[latinmodern-math.otf]/OT:script=math;language=dflt;"

LaTeX Font Info:    Encoding `OMS' has changed to `TU' for symbol font
(Font)              `symbols' in the math version `normal' on input line 192.
LaTeX Font Info:    Overwriting symbol font `symbols' in version `normal'
(Font)                  OMS/lmsy/m/n --> TU/latinmodern-math.otf(2)/m/n on input line 192.
LaTeX Font Info:    Encoding `OMS' has changed to `TU' for symbol font
(Font)              `symbols' in the math version `bold' on input line 192.
LaTeX Font Info:    Overwriting symbol font `symbols' in version `bold'
(Font)                  OMS/lmsy/b/n --> TU/latinmodern-math.otf(2)/b/n on input line 192.

Package fontspec Info: 
(fontspec)             latinmodern-math scale = 0.9999964596882403.


Package fontspec Info: 
(fontspec)             latinmodern-math scale = 0.9998964600422715.


Package fontspec Info: 
(fontspec)             latinmodern-math scale = 0.9999964596882403.


Package fontspec Info: 
(fontspec)             latinmodern-math scale = 0.9998964600422715.


Package fontspec Info: 
(fontspec)             latinmodern-math scale = 0.9999964596882403.


Package fontspec Info: 
(fontspec)             latinmodern-math scale = 0.9998964600422715.


Package fontspec Info: 
(fontspec)             latinmodern-math scale = 0.9999964596882403.


Package fontspec Info: 
(fontspec)             latinmodern-math scale = 0.9998964600422715.


Package fontspec Info: 
(fontspec)             latinmodern-math scale = 0.9999964596882403.


Package fontspec Info: 
(fontspec)             latinmodern-math scale = 0.9998964600422715.


Package fontspec Info: 
(fontspec)             Font family 'latinmodern-math.otf(3)' created for font
(fontspec)             'latinmodern-math.otf' with options
(fontspec)             [Scale=MatchLowercase,BoldItalicFont={},ItalicFont={},SmallCapsFont={},Script=Math,SizeFeatures={{Size=8.5-},{Size=6-8.5,Font=latinmodern-math.otf,Style=MathScript},{Size=-6,Font=latinmodern-math.otf,Style=MathScriptScript}},BoldFont={latinmodern-math.otf},ScaleAgain=0.9999,FontAdjustment={\fontdimen
(fontspec)             8\font =0.4pt\relax \fontdimen 9\font =2.0pt\relax
(fontspec)             \fontdimen 10\font =1.67pt\relax \fontdimen 11\font
(fontspec)             =1.11pt\relax \fontdimen 12\font =6.0pt\relax
(fontspec)             \fontdimen 13\font =0pt\relax }].
(fontspec)              
(fontspec)              This font family consists of the following NFSS
(fontspec)             series/shapes:
(fontspec)              
(fontspec)             - 'normal' (m/n) with NFSS spec.:
(fontspec)             <8.5->s*[0.9998964600422715]"[latinmodern-math.otf]/OT:script=math;language=dflt;"<6-8.5>s*[0.9998964600422715]"[latinmodern-math.otf]/OT:script=math;language=dflt;+ssty=0;"<-6>s*[0.9998964600422715]"[latinmodern-math.otf]/OT:script=math;language=dflt;+ssty=1;"
(fontspec)             - 'bold' (b/n) with NFSS spec.:
(fontspec)             <->s*[0.9998964600422715]"[latinmodern-math.otf]/OT:script=math;language=dflt;"

LaTeX Font Info:    Encoding `OMX' has changed to `TU' for symbol font
(Font)              `largesymbols' in the math version `normal' on input line 192.
LaTeX Font Info:    Overwriting symbol font `largesymbols' in version `normal'
(Font)                  OMX/lmex/m/n --> TU/latinmodern-math.otf(3)/m/n on input line 192.
LaTeX Font Info:    Encoding `OMX' has changed to `TU' for symbol font
(Font)              `largesymbols' in the math version `bold' on input line 192.
LaTeX Font Info:    Overwriting symbol font `largesymbols' in version `bold'
(Font)                  OMX/lmex/m/n --> TU/latinmodern-math.otf(3)/b/n on input line 192.

Package hyperref Warning: Draft mode on.

Package hyperref Info: Link coloring OFF on input line 192.
*geometry* driver: auto-detecting
*geometry* detected driver: xetex
*geometry* verbose mode - [ preamble ] result:
* driver: xetex
* paper: custom
* layout: <same size as paper>
* layoutoffset:(h,v)=(0.0pt,0.0pt)
* modes: twoside 
* h-part:(L,W,R)=(54.2025pt, 325.215pt, 54.2025pt)
* v-part:(T,H,B)=(54.2025pt, 542.025pt, 54.2025pt)
* \paperwidth=433.62pt
* \paperheight=650.43pt
* \textwidth=325.215pt
* \textheight=542.025pt
* \oddsidemargin=-18.06749pt
* \evensidemargin=-18.06749pt
* \topmargin=-48.13498pt
* \headheight=12.0pt
* \headsep=18.06749pt
* \topskip=10.0pt
* \footskip=25.29494pt
* \marginparwidth=125.0pt
* \marginparsep=7.0pt
* \columnsep=10.0pt
* \skip\footins=9.0pt plus 4.0pt minus 2.0pt
* \hoffset=0.0pt
* \voffset=0.0pt
* \mag=1000
* \@twocolumnfalse
* \@twosidetrue
* \@mparswitchtrue
* \@reversemarginfalse
* (1in=72.27pt=25.4mm, 1cm=28.453pt)

[1


] [2

] (./spc4hc.toc
LaTeX Font Info:    Font shape `TU/latinmodern-math.otf(1)/m/n' will be
(Font)              scaled to size 7.0pt on input line 3.
LaTeX Font Info:    Font shape `TU/latinmodern-math.otf(1)/m/n' will be
(Font)              scaled to size 5.0pt on input line 3.
LaTeX Font Info:    Trying to load font information for OML+lmm on input line 3.
(/home/jacob/.TinyTeX/texmf-dist/tex/latex/lm/omllmm.fd
File: omllmm.fd 2015/05/01 v1.6.1 Font defs for Latin Modern
)
LaTeX Font Info:    Font shape `TU/latinmodern-math.otf(2)/m/n' will be
(Font)              scaled to size 10.00092pt on input line 3.
LaTeX Font Info:    Font shape `TU/latinmodern-math.otf(2)/m/n' will be
(Font)              scaled to size 7.00064pt on input line 3.
LaTeX Font Info:    Font shape `TU/latinmodern-math.otf(2)/m/n' will be
(Font)              scaled to size 5.00046pt on input line 3.
LaTeX Font Info:    Font shape `TU/latinmodern-math.otf(3)/m/n' will be
(Font)              scaled to size 9.99893pt on input line 3.
LaTeX Font Info:    Font shape `TU/latinmodern-math.otf(3)/m/n' will be
(Font)              scaled to size 6.99925pt on input line 3.
LaTeX Font Info:    Font shape `TU/latinmodern-math.otf(3)/m/n' will be
(Font)              scaled to size 4.99947pt on input line 3.
LaTeX Font Info:    Trying to load font information for U+msa on input line 3.
(/home/jacob/.TinyTeX/texmf-dist/tex/latex/amsfonts/umsa.fd
File: umsa.fd 2013/01/14 v3.01 AMS symbols A
)
LaTeX Font Info:    Trying to load font information for U+msb on input line 3.
(/home/jacob/.TinyTeX/texmf-dist/tex/latex/amsfonts/umsb.fd
File: umsb.fd 2013/01/14 v3.01 AMS symbols B
) [3] [4] [5] [6])
\tf@toc=\write4
\openout4 = `spc4hc.toc'.

[7] [8

] [9] [10

] [11] [12] [13] [14] [15

] [16]
Chapter 1.
File: spc4hc_files/figures/handwritten1.jpg Graphic file (type bmp)
<spc4hc_files/figures/handwritten1.jpg>
[17

] [18] [19] [20

]
Chapter 2.
File: spc4hc_files/spc4hc_files/figure-latex/spc-fig0-1.png Graphic file (type bmp)
<spc4hc_files/spc4hc_files/figure-latex/spc-fig0-1.png>
[21]
File: spc4hc_files/spc4hc_files/figure-latex/spc-fig1-1.png Graphic file (type bmp)
<spc4hc_files/spc4hc_files/figure-latex/spc-fig1-1.png>
[22] [23] [24] [25] [26]
Chapter 3.
File: spc4hc_files/spc4hc_files/figure-latex/testing-fig1-1.png Graphic file (type bmp)
<spc4hc_files/spc4hc_files/figure-latex/testing-fig1-1.png>
[27

]
File: spc4hc_files/spc4hc_files/figure-latex/testing-fig2-1.png Graphic file (type bmp)
<spc4hc_files/spc4hc_files/figure-latex/testing-fig2-1.png>
File: spc4hc_files/spc4hc_files/figure-latex/testing-fig3-1.png Graphic file (type bmp)
<spc4hc_files/spc4hc_files/figure-latex/testing-fig3-1.png>
[28]
File: spc4hc_files/spc4hc_files/figure-latex/testing-fig4-1.png Graphic file (type bmp)
<spc4hc_files/spc4hc_files/figure-latex/testing-fig4-1.png>
[29] [30] [31]
File: spc4hc_files/spc4hc_files/figure-latex/testing-fig5-1.png Graphic file (type bmp)
<spc4hc_files/spc4hc_files/figure-latex/testing-fig5-1.png>
[32]
File: spc4hc_files/spc4hc_files/figure-latex/testing-fig6-1.png Graphic file (type bmp)
<spc4hc_files/spc4hc_files/figure-latex/testing-fig6-1.png>
[33] [34]
Chapter 4.
[35

]
File: spc4hc_files/figures/pyramid_model.png Graphic file (type bmp)
<spc4hc_files/figures/pyramid_model.png>
[36] [37] [38] [39] [40

] [41] [42]
Chapter 5.
LaTeX Font Info:    Font shape `TU/lmtt/bx/n' in size <7> not available
(Font)              Font shape `TU/lmtt/b/n' tried instead on input line 862.
[43

]
File: spc4hc_files/spc4hc_files/figure-latex/first-chart-run1-1.png Graphic file (type bmp)
<spc4hc_files/spc4hc_files/figure-latex/first-chart-run1-1.png>
File: spc4hc_files/spc4hc_files/figure-latex/first-chart-run2-1.png Graphic file (type bmp)
<spc4hc_files/spc4hc_files/figure-latex/first-chart-run2-1.png>
[44]
Overfull \hbox (10.29733pt too wide) has occurred while \output is active
\TU/lmr/m/sl/10 5.2.  ADDING CONTROL LIMITS TO PRODUCE A CONTROL CHART \TU/lmr/m/n/10 45
 []

[45]
File: spc4hc_files/spc4hc_files/figure-latex/first-chart-ctrl1-1.png Graphic file (type bmp)
<spc4hc_files/spc4hc_files/figure-latex/first-chart-ctrl1-1.png>
[46] [47] [48

]
Chapter 6.
[49]
File: spc4hc_files/spc4hc_files/figure-latex/limits-fig1-1.png Graphic file (type bmp)
<spc4hc_files/spc4hc_files/figure-latex/limits-fig1-1.png>

LaTeX Warning: `!h' float specifier changed to `!ht'.

[50] [51]
File: spc4hc_files/spc4hc_files/figure-latex/limits-c-1.png Graphic file (type bmp)
<spc4hc_files/spc4hc_files/figure-latex/limits-c-1.png>
[52] [53]
File: spc4hc_files/spc4hc_files/figure-latex/limits-u-1.png Graphic file (type bmp)
<spc4hc_files/spc4hc_files/figure-latex/limits-u-1.png>
[54]
File: spc4hc_files/spc4hc_files/figure-latex/limits-p-1.png Graphic file (type bmp)
<spc4hc_files/spc4hc_files/figure-latex/limits-p-1.png>
[55] [56]
File: spc4hc_files/spc4hc_files/figure-latex/limits-i-1.png Graphic file (type bmp)
<spc4hc_files/spc4hc_files/figure-latex/limits-i-1.png>
[57]
File: spc4hc_files/spc4hc_files/figure-latex/limits-mr-1.png Graphic file (type bmp)
<spc4hc_files/spc4hc_files/figure-latex/limits-mr-1.png>
[58]
File: spc4hc_files/spc4hc_files/figure-latex/limits-imr-1.png Graphic file (type bmp)
<spc4hc_files/spc4hc_files/figure-latex/limits-imr-1.png>
[59]
File: spc4hc_files/spc4hc_files/figure-latex/limits-xbar-1.png Graphic file (type bmp)
<spc4hc_files/spc4hc_files/figure-latex/limits-xbar-1.png>
[60] [61]
File: spc4hc_files/spc4hc_files/figure-latex/limits-s-1.png Graphic file (type bmp)
<spc4hc_files/spc4hc_files/figure-latex/limits-s-1.png>
[62]
File: spc4hc_files/spc4hc_files/figure-latex/limits-xbarands-1.png Graphic file (type bmp)
<spc4hc_files/spc4hc_files/figure-latex/limits-xbarands-1.png>
[63] [64]
Chapter 7.
[65

]
File: spc4hc_files/spc4hc_files/figure-latex/highlighting-spc1-1.png Graphic file (type bmp)
<spc4hc_files/spc4hc_files/figure-latex/highlighting-spc1-1.png>
LaTeX Font Info:    Font shape `TU/lmtt/bx/n' in size <14.4> not available
(Font)              Font shape `TU/lmtt/b/n' tried instead on input line 1597.
[66] [67]
File: spc4hc_files/spc4hc_files/figure-latex/highlighting-spc2-1.png Graphic file (type bmp)
<spc4hc_files/spc4hc_files/figure-latex/highlighting-spc2-1.png>

Underfull \vbox (badness 10000) has occurred while \output is active []


Underfull \vbox (badness 10000) has occurred while \output is active []

[68] [69] [70]
Chapter 8.
[71

]
File: spc4hc_files/spc4hc_files/figure-latex/rfun-run-1.png Graphic file (type bmp)
<spc4hc_files/spc4hc_files/figure-latex/rfun-run-1.png>
File: spc4hc_files/spc4hc_files/figure-latex/rfun-imr-1.png Graphic file (type bmp)
<spc4hc_files/spc4hc_files/figure-latex/rfun-imr-1.png>

Overfull \hbox (2.17842pt too wide) has occurred while \output is active
\TU/lmr/m/n/10 72 \TU/lmr/m/sl/10 CHAPTER 8.  CORE R FUNCTIONS TO CONSTRUCT SPC CHARTS
 []

[72] [73]
Overfull \hbox (2.17842pt too wide) has occurred while \output is active
\TU/lmr/m/n/10 74 \TU/lmr/m/sl/10 CHAPTER 8.  CORE R FUNCTIONS TO CONSTRUCT SPC CHARTS
 []

[74]
File: spc4hc_files/spc4hc_files/figure-latex/rfun-xbars-1.png Graphic file (type bmp)
<spc4hc_files/spc4hc_files/figure-latex/rfun-xbars-1.png>

Underfull \vbox (badness 4429) has occurred while \output is active []


Underfull \vbox (badness 4429) has occurred while \output is active []

[75]
File: spc4hc_files/spc4hc_files/figure-latex/rfun-cu-1.png Graphic file (type bmp)
<spc4hc_files/spc4hc_files/figure-latex/rfun-cu-1.png>
File: spc4hc_files/spc4hc_files/figure-latex/rfun-p-1.png Graphic file (type bmp)
<spc4hc_files/spc4hc_files/figure-latex/rfun-p-1.png>

Overfull \hbox (2.17842pt too wide) has occurred while \output is active
\TU/lmr/m/n/10 76 \TU/lmr/m/sl/10 CHAPTER 8.  CORE R FUNCTIONS TO CONSTRUCT SPC CHARTS
 []

[76] [77]
Overfull \hbox (2.17842pt too wide) has occurred while \output is active
\TU/lmr/m/n/10 78 \TU/lmr/m/sl/10 CHAPTER 8.  CORE R FUNCTIONS TO CONSTRUCT SPC CHARTS
 []

[78] [79]
Underfull \vbox (badness 10000) detected at line 2353
 []


Underfull \vbox (badness 10000) detected at line 2353
 []


Overfull \hbox (2.17842pt too wide) has occurred while \output is active
\TU/lmr/m/n/10 80 \TU/lmr/m/sl/10 CHAPTER 8.  CORE R FUNCTIONS TO CONSTRUCT SPC CHARTS
 []

[80]
Underfull \vbox (badness 10000) detected at line 2353
 []


Underfull \vbox (badness 10000) detected at line 2353
 []

[81]
Underfull \vbox (badness 10000) detected at line 2353
 []


Underfull \vbox (badness 10000) detected at line 2353
 []


Overfull \hbox (2.17842pt too wide) has occurred while \output is active
\TU/lmr/m/n/10 82 \TU/lmr/m/sl/10 CHAPTER 8.  CORE R FUNCTIONS TO CONSTRUCT SPC CHARTS
 []

[82]
Underfull \vbox (badness 10000) detected at line 2353
 []


Underfull \vbox (badness 10000) detected at line 2353
 []

[83]
Overfull \hbox (2.17842pt too wide) has occurred while \output is active
\TU/lmr/m/n/10 84 \TU/lmr/m/sl/10 CHAPTER 8.  CORE R FUNCTIONS TO CONSTRUCT SPC CHARTS
 []

[84]
Chapter 9.
[85

]
File: spc4hc_files/spc4hc_files/figure-latex/ggplot-fig1-1.png Graphic file (type bmp)
<spc4hc_files/spc4hc_files/figure-latex/ggplot-fig1-1.png>
[86]
File: spc4hc_files/spc4hc_files/figure-latex/ggplot-fig2-1.png Graphic file (type bmp)
<spc4hc_files/spc4hc_files/figure-latex/ggplot-fig2-1.png>
[87]
File: spc4hc_files/spc4hc_files/figure-latex/ggplot-fig3-1.png Graphic file (type bmp)
<spc4hc_files/spc4hc_files/figure-latex/ggplot-fig3-1.png>
[88]
File: spc4hc_files/spc4hc_files/figure-latex/ggplot-fig4-1.png Graphic file (type bmp)
<spc4hc_files/spc4hc_files/figure-latex/ggplot-fig4-1.png>
[89] [90]
Chapter 10.
[91

]
File: spc4hc_files/spc4hc_files/figure-latex/qicharts-qic1-1.png Graphic file (type bmp)
<spc4hc_files/spc4hc_files/figure-latex/qicharts-qic1-1.png>
File: spc4hc_files/spc4hc_files/figure-latex/qicharts-qic2-1.png Graphic file (type bmp)
<spc4hc_files/spc4hc_files/figure-latex/qicharts-qic2-1.png>
[92]
File: spc4hc_files/spc4hc_files/figure-latex/qicharts-qic3-1.png Graphic file (type bmp)
<spc4hc_files/spc4hc_files/figure-latex/qicharts-qic3-1.png>
[93]
File: spc4hc_files/spc4hc_files/figure-latex/qicharts-cdi1-1.png Graphic file (type bmp)
<spc4hc_files/spc4hc_files/figure-latex/qicharts-cdi1-1.png>

Underfull \vbox (badness 1360) has occurred while \output is active []


Underfull \vbox (badness 1360) has occurred while \output is active []

[94]
File: spc4hc_files/spc4hc_files/figure-latex/qicharts-cdi2-1.png Graphic file (type bmp)
<spc4hc_files/spc4hc_files/figure-latex/qicharts-cdi2-1.png>
File: spc4hc_files/spc4hc_files/figure-latex/qicharts-cdi3-1.png Graphic file (type bmp)
<spc4hc_files/spc4hc_files/figure-latex/qicharts-cdi3-1.png>
[95]
File: spc4hc_files/spc4hc_files/figure-latex/qicharts-cdi4-1.png Graphic file (type bmp)
<spc4hc_files/spc4hc_files/figure-latex/qicharts-cdi4-1.png>

Underfull \vbox (badness 10000) has occurred while \output is active []


Underfull \vbox (badness 10000) has occurred while \output is active []

[96]
File: spc4hc_files/spc4hc_files/figure-latex/qicharts-hais1-1.png Graphic file (type bmp)
<spc4hc_files/spc4hc_files/figure-latex/qicharts-hais1-1.png>
File: spc4hc_files/spc4hc_files/figure-latex/qicharts-hais2-1.png Graphic file (type bmp)
<spc4hc_files/spc4hc_files/figure-latex/qicharts-hais2-1.png>
[97] [98]
File: spc4hc_files/spc4hc_files/figure-latex/qicharts-hais3-1.png Graphic file (type bmp)
<spc4hc_files/spc4hc_files/figure-latex/qicharts-hais3-1.png>

Underfull \vbox (badness 1072) has occurred while \output is active []


Underfull \vbox (badness 1072) has occurred while \output is active []

[99]
File: spc4hc_files/spc4hc_files/figure-latex/qicharts-hais4-1.png Graphic file (type bmp)
<spc4hc_files/spc4hc_files/figure-latex/qicharts-hais4-1.png>
[100]
File: spc4hc_files/spc4hc_files/figure-latex/qicharts-hais5-1.png Graphic file (type bmp)
<spc4hc_files/spc4hc_files/figure-latex/qicharts-hais5-1.png>
[101] [102] [103

] [104]
Chapter 11.
File: spc4hc_files/spc4hc_files/figure-latex/screened-mr1-1.png Graphic file (type bmp)
<spc4hc_files/spc4hc_files/figure-latex/screened-mr1-1.png>
[105

]
File: spc4hc_files/spc4hc_files/figure-latex/screened-mr2-1.png Graphic file (type bmp)
<spc4hc_files/spc4hc_files/figure-latex/screened-mr2-1.png>
File: spc4hc_files/spc4hc_files/figure-latex/screened-mr3-1.png Graphic file (type bmp)
<spc4hc_files/spc4hc_files/figure-latex/screened-mr3-1.png>

Overfull \hbox (23.24843pt too wide) has occurred while \output is active
\TU/lmr/m/n/10 106 \TU/lmr/m/sl/10 CHAPTER 11.  SCREENING I CHARTS FOR FREAK MOVING RANGES
 []

[106] [107]
Overfull \hbox (23.24843pt too wide) has occurred while \output is active
\TU/lmr/m/n/10 108 \TU/lmr/m/sl/10 CHAPTER 11.  SCREENING I CHARTS FOR FREAK MOVING RANGES
 []

[108]
Chapter 12.

Underfull \vbox (badness 1237) has occurred while \output is active []


Underfull \vbox (badness 1237) has occurred while \output is active []

[109

]
File: spc4hc_files/spc4hc_files/figure-latex/rare-fig1-1.png Graphic file (type bmp)
<spc4hc_files/spc4hc_files/figure-latex/rare-fig1-1.png>
[110]
File: spc4hc_files/spc4hc_files/figure-latex/rare-fig2-1.png Graphic file (type bmp)
<spc4hc_files/spc4hc_files/figure-latex/rare-fig2-1.png>
[111]
File: spc4hc_files/spc4hc_files/figure-latex/rare-fig3-1.png Graphic file (type bmp)
<spc4hc_files/spc4hc_files/figure-latex/rare-fig3-1.png>
[112]
File: spc4hc_files/spc4hc_files/figure-latex/rare-fig4-1.png Graphic file (type bmp)
<spc4hc_files/spc4hc_files/figure-latex/rare-fig4-1.png>
[113]
Overfull \hbox (1.02501pt too wide) in paragraph at lines 3127--3128
[]\TU/lmr/m/n/10 where $[]$ is the transformed variable and $[]$ is the original time-between-events
 []

File: spc4hc_files/spc4hc_files/figure-latex/rare-fig5-1.png Graphic file (type bmp)
<spc4hc_files/spc4hc_files/figure-latex/rare-fig5-1.png>
[114] [115]
File: spc4hc_files/spc4hc_files/figure-latex/rare-fig6-1.png Graphic file (type bmp)
<spc4hc_files/spc4hc_files/figure-latex/rare-fig6-1.png>
[116]
File: spc4hc_files/spc4hc_files/figure-latex/rare-fig8-1.png Graphic file (type bmp)
<spc4hc_files/spc4hc_files/figure-latex/rare-fig8-1.png>
File: spc4hc_files/spc4hc_files/figure-latex/rare-fig9-1.png Graphic file (type bmp)
<spc4hc_files/spc4hc_files/figure-latex/rare-fig9-1.png>
[117]
File: spc4hc_files/spc4hc_files/figure-latex/rare-fig10-1.png Graphic file (type bmp)
<spc4hc_files/spc4hc_files/figure-latex/rare-fig10-1.png>
[118] [119] [120

]
Chapter 13.
File: spc4hc_files/spc4hc_files/figure-latex/pcharts-fig1-1.png Graphic file (type bmp)
<spc4hc_files/spc4hc_files/figure-latex/pcharts-fig1-1.png>
[121]
File: spc4hc_files/spc4hc_files/figure-latex/pcharts-fig2-1.png Graphic file (type bmp)
<spc4hc_files/spc4hc_files/figure-latex/pcharts-fig2-1.png>

Underfull \vbox (badness 10000) has occurred while \output is active []


Underfull \vbox (badness 10000) has occurred while \output is active []

[122]
File: spc4hc_files/spc4hc_files/figure-latex/pcharts-fig3-1.png Graphic file (type bmp)
<spc4hc_files/spc4hc_files/figure-latex/pcharts-fig3-1.png>
[123] [124]
Overfull \hbox (24.945pt too wide) in paragraph at lines 3353--3398
 [][] 
 []

[125] [126]
Chapter 14.
[127

]
File: spc4hc_files/figure-latex/iprime-fig1-1.png Graphic file (type bmp)
<spc4hc_files/figure-latex/iprime-fig1-1.png>
File: spc4hc_files/figure-latex/iprime-fig1-2.png Graphic file (type bmp)
<spc4hc_files/figure-latex/iprime-fig1-2.png>

Overfull \hbox (2.22pt too wide) in paragraph at lines 3430--3430
[][] []
 []


Overfull \hbox (12.40842pt too wide) has occurred while \output is active
\TU/lmr/m/n/10 128 \TU/lmr/m/sl/10 CHAPTER 14.  I PRIME CHARTS FOR VARIABLE SUBGROUP SIZES
 []

[128]
File: spc4hc_files/spc4hc_files/figure-latex/iprime-fig2-1.png Graphic file (type bmp)
<spc4hc_files/spc4hc_files/figure-latex/iprime-fig2-1.png>
[129]
File: spc4hc_files/spc4hc_files/figure-latex/iprime-fig3-1.png Graphic file (type bmp)
<spc4hc_files/spc4hc_files/figure-latex/iprime-fig3-1.png>

Overfull \hbox (12.40842pt too wide) has occurred while \output is active
\TU/lmr/m/n/10 130 \TU/lmr/m/sl/10 CHAPTER 14.  I PRIME CHARTS FOR VARIABLE SUBGROUP SIZES
 []

[130] [131]
Overfull \hbox (12.40842pt too wide) has occurred while \output is active
\TU/lmr/m/n/10 132 \TU/lmr/m/sl/10 CHAPTER 14.  I PRIME CHARTS FOR VARIABLE SUBGROUP SIZES
 []

[132

]
Chapter 15.
File: spc4hc_files/spc4hc_files/figure-latex/funnel-fig0-1.png Graphic file (type bmp)
<spc4hc_files/spc4hc_files/figure-latex/funnel-fig0-1.png>
File: spc4hc_files/spc4hc_files/figure-latex/funnel-fig1-1.png Graphic file (type bmp)
<spc4hc_files/spc4hc_files/figure-latex/funnel-fig1-1.png>
[133]
File: spc4hc_files/spc4hc_files/figure-latex/funnel-fig2-1.png Graphic file (type bmp)
<spc4hc_files/spc4hc_files/figure-latex/funnel-fig2-1.png>

Overfull \hbox (5.68062pt too wide) has occurred while \output is active
\TU/lmr/m/n/10 134 \TU/lmr/m/sl/10 CHAPTER 15.  FUNNEL PLOTS FOR CATEGORICAL SUBGROUPS
 []

[134] [135]
File: spc4hc_files/spc4hc_files/figure-latex/funnel-fig3-1.png Graphic file (type bmp)
<spc4hc_files/spc4hc_files/figure-latex/funnel-fig3-1.png>

Overfull \hbox (5.68062pt too wide) has occurred while \output is active
\TU/lmr/m/n/10 136 \TU/lmr/m/sl/10 CHAPTER 15.  FUNNEL PLOTS FOR CATEGORICAL SUBGROUPS
 []

[136] [137]
Overfull \hbox (5.68062pt too wide) has occurred while \output is active
\TU/lmr/m/n/10 138 \TU/lmr/m/sl/10 CHAPTER 15.  FUNNEL PLOTS FOR CATEGORICAL SUBGROUPS
 []

[138

]
Chapter 16.
File: spc4hc_files/spc4hc_files/figure-latex/pareto-fig1-1.png Graphic file (type bmp)
<spc4hc_files/spc4hc_files/figure-latex/pareto-fig1-1.png>
[139] [140]
File: spc4hc_files/spc4hc_files/figure-latex/pareto-fig2-1.png Graphic file (type bmp)
<spc4hc_files/spc4hc_files/figure-latex/pareto-fig2-1.png>
[141]
File: spc4hc_files/spc4hc_files/figure-latex/pareto-fig3-1.png Graphic file (type bmp)
<spc4hc_files/spc4hc_files/figure-latex/pareto-fig3-1.png>
[142] [143

] [144]
Chapter 17.
[145

]
Underfull \hbox (badness 1231) in paragraph at lines 3789--3790
\TU/lmr/m/n/10 While small-scale or temporary projects can be managed manually,
 []

[146] [147] [148]
Chapter 18.
[149

] [150]
File: spc4hc_files/spc4hc_files/figure-latex/pitfalls-fig1-1.png Graphic file (type bmp)
<spc4hc_files/spc4hc_files/figure-latex/pitfalls-fig1-1.png>
[151]
File: spc4hc_files/spc4hc_files/figure-latex/pitfalls-fig2-1.png Graphic file (type bmp)
<spc4hc_files/spc4hc_files/figure-latex/pitfalls-fig2-1.png>
[152]
Underfull \hbox (badness 1215) in paragraph at lines 3983--3983
[]\TU/lmr/bx/n/14.4 Assuming a one-to-one link between
 []

[153] [154]
Chapter 19.

Underfull \hbox (badness 1389) in paragraph at lines 4013--4014
\TU/lmr/m/n/10 formed, variation \TU/lmr/m/it/10 within subgroups \TU/lmr/m/n/10 reflects common cause variation,
 []

[155

]
File: spc4hc_files/spc4hc_files/figure-latex/subgrouping-fig1-1.png Graphic file (type bmp)
<spc4hc_files/spc4hc_files/figure-latex/subgrouping-fig1-1.png>
File: spc4hc_files/spc4hc_files/figure-latex/subgrouping-fig2-1.png Graphic file (type bmp)
<spc4hc_files/spc4hc_files/figure-latex/subgrouping-fig2-1.png>

Overfull \hbox (25.17953pt too wide) has occurred while \output is active
\TU/lmr/m/n/10 156 \TU/lmr/m/sl/10 CHAPTER 19.  THE FORGOTTEN ART OF RATIONAL SUBGROUPING
 []

[156]
Underfull \hbox (badness 6016) in paragraph at lines 4062--4063
[]\TU/lmr/m/n/10 High-resolution data can always be aggregated later if needed.
 []


Overfull \hbox (25.13953pt too wide) has occurred while \output is active
\TU/lmr/m/sl/10 19.2.  TOO SMALL SUBGROUPS – REVEALING UNIMPORTANT NOISE \TU/lmr/m/n/10 157
 []

[157]
File: spc4hc_files/spc4hc_files/figure-latex/subgroups-fig3-1.png Graphic file (type bmp)
<spc4hc_files/spc4hc_files/figure-latex/subgroups-fig3-1.png>
File: spc4hc_files/spc4hc_files/figure-latex/subgroups-fig4-1.png Graphic file (type bmp)
<spc4hc_files/spc4hc_files/figure-latex/subgroups-fig4-1.png>

Overfull \hbox (25.17953pt too wide) has occurred while \output is active
\TU/lmr/m/n/10 158 \TU/lmr/m/sl/10 CHAPTER 19.  THE FORGOTTEN ART OF RATIONAL SUBGROUPING
 []

[158] [159]
Overfull \hbox (25.17953pt too wide) has occurred while \output is active
\TU/lmr/m/n/10 160 \TU/lmr/m/sl/10 CHAPTER 19.  THE FORGOTTEN ART OF RATIONAL SUBGROUPING
 []

[160] [161

] [162]
Chapter 20.
[163

] [164]
Underfull \hbox (badness 2635) in paragraph at lines 4261--4262
\TU/lmr/m/n/10 high-frequency, high-volume data, we must reconsider fundamental
 []

[165] [166]
Overfull \hbox (35.40172pt too wide) has occurred while \output is active
\TU/lmr/m/sl/10 20.5.  A SHARED FUTURE: PRINCIPLES, PRACTICE, AND COMMUNITY \TU/lmr/m/n/10 167
 []

[167] [168

]
Appendix A.
[169] [170] [171] [172]
Appendix B.
[173

] [174]
Underfull \hbox (badness 1117) in paragraph at lines 4608--4609
[]\TU/lmr/bx/n/10 Continuous \TU/lmr/m/n/10 data: measurements (any value within a range),
 []

[175]
File: spc4hc_files/spc4hc_files/figure-latex/stat-bar1-1.png Graphic file (type bmp)
<spc4hc_files/spc4hc_files/figure-latex/stat-bar1-1.png>
File: spc4hc_files/spc4hc_files/figure-latex/stat-bar2-1.png Graphic file (type bmp)
<spc4hc_files/spc4hc_files/figure-latex/stat-bar2-1.png>
[176] [177]
File: spc4hc_files/spc4hc_files/figure-latex/stat-hist1-1.png Graphic file (type bmp)
<spc4hc_files/spc4hc_files/figure-latex/stat-hist1-1.png>
[178]
File: spc4hc_files/spc4hc_files/figure-latex/stat-box1-1.png Graphic file (type bmp)
<spc4hc_files/spc4hc_files/figure-latex/stat-box1-1.png>
[179] [180]
File: spc4hc_files/spc4hc_files/figure-latex/stat-dpois-1.png Graphic file (type bmp)
<spc4hc_files/spc4hc_files/figure-latex/stat-dpois-1.png>
[181] [182]
File: spc4hc_files/spc4hc_files/figure-latex/stat-dbinom1-1.png Graphic file (type bmp)
<spc4hc_files/spc4hc_files/figure-latex/stat-dbinom1-1.png>
[183]
File: spc4hc_files/spc4hc_files/figure-latex/stat-hist3-1.png Graphic file (type bmp)
<spc4hc_files/spc4hc_files/figure-latex/stat-hist3-1.png>
File: spc4hc_files/spc4hc_files/figure-latex/stat-hist4-1.png Graphic file (type bmp)
<spc4hc_files/spc4hc_files/figure-latex/stat-hist4-1.png>
[184] [185] [186]
Appendix C.
[187

]
File: spc4hc_files/spc4hc_files/figure-latex/unnamed-chunk-45-1.png Graphic file (type bmp)
<spc4hc_files/spc4hc_files/figure-latex/unnamed-chunk-45-1.png>
[188] [189] [190] [191] [192] [193]
Underfull \hbox (badness 4899) in paragraph at lines 5441--5443
[]\TU/lmr/m/n/10 separate words with “-”, “_“, or”.”, e.g.: “my_variable”,
 []

[194] [195] [196

]
Appendix D.
[197] [198] [199] [200] [201

]
Underfull \hbox (badness 3861) in paragraph at lines 5648--5649
[]\TU/lmr/m/n/10 Lilford, Richard, Mohammed A Mohammed, David Spiegelhalter,
 []


Underfull \hbox (badness 2359) in paragraph at lines 5648--5649
\TU/lmr/m/n/10 and Richard Thomson. 2004. “Use and Misuse of Process
 []


Underfull \hbox (badness 1472) in paragraph at lines 5648--5649
\TU/lmr/m/n/10 and Outcome Data in Managing Performance of Acute Medical
 []


Underfull \hbox (badness 1466) in paragraph at lines 5654--5655
[]\TU/lmr/m/n/10 Mohammed, M A, Anthony Rathbone, Paulette Myers, Divya Pa-
 []


Underfull \hbox (badness 3826) in paragraph at lines 5654--5655
\TU/lmr/m/n/10 into General Practitioners Associated with High Patient Mor-
 []


Underfull \hbox (badness 4001) in paragraph at lines 5654--5655
\TU/lmr/m/n/10 tality Flagged up Through the Shipman Inquiry: Retrospec-
 []


Underfull \hbox (badness 2368) in paragraph at lines 5654--5655
\TU/lmr/m/n/10 tive Analysis of Routine Data.” \TU/lmr/m/it/10 BMJ \TU/lmr/m/n/10 328 (7454): 1474–77.
 []


Underfull \vbox (badness 10000) has occurred while \output is active []


Underfull \vbox (badness 10000) has occurred while \output is active []

[202]
Underfull \vbox (badness 10000) has occurred while \output is active []


Underfull \vbox (badness 10000) has occurred while \output is active []

[203] [204] (./spc4hc.aux)
 ***********
LaTeX2e <2026-06-01>
L3 programming layer <2026-05-26>
 ***********
 ) 
Here is how much of TeX's memory you used:
 21525 strings out of 469836
 422587 string characters out of 5469409
 1016913 words of memory out of 5000000
 50079 multiletter control sequences out of 15000+600000
 631476 words of font info for 87 fonts, out of 8000000 for 9000
 17 hyphenation exceptions out of 8191
 90i,13n,114p,742b,703s stack positions out of 10000i,1000n,20000p,200000b,200000s

Output written on spc4hc.pdf (204 pages).
